[Topology][Flow] Generating flow layout
[Topology][Flow] Nodes: 8
[Topology][Flow] Connections: 7
[Topology][Flow] Generating flow layout
[Topology][Flow] Nodes: 2
[Topology][Flow] Connections: 1
[Topology][Flow] Generating flow layout
[Topology][Flow] Nodes: 8
[Topology][Flow] Connections: 7
[Topology][Flow] Generating flow layout
[Topology][Flow] Nodes: 2
[Topology][Flow] Connections: 1
[Topology][Flow] Generating flow layout
[Topology][Flow] Nodes: 2
[Topology][Flow] Connections: 1
[Topology][Flow] Generating flow layout
[Topology][Flow] Nodes: 8
[Topology][Flow] Connections: 7
[Topology][Flow] Generating flow layout
[Topology][Flow] Nodes: 2
[Topology][Flow] Connections: 1
[Topology][Flow] Generating flow layout
[Topology][Flow] Nodes: 8
[Topology][Flow] Connections: 7
[Topology][Hub] Generating hub layout
[Topology][Hub] Hub: Delivery
[Topology][Hub] Satellites: 5
[Topology][Hub] Connections: 5
[Topology][Flow] Generating flow layout
[Topology][Flow] Nodes: 8
[Topology][Flow] Connections: 7
[Topology][Hub] Generating hub layout
[Topology][Hub] Hub: Delivery
[Topology][Hub] Satellites: 5
[Topology][Hub] Connections: 5
[Topology][Flow] Generating flow layout
[Topology][Flow] Nodes: 8
[Topology][Flow] Connections: 7
[Topology][Flow] Generating flow layout
[Topology][Flow] Nodes: 2
[Topology][Flow] Connections: 1
[Topology][Flow] Generating flow layout
[Topology][Flow] Nodes: 8
[Topology][Flow] Connections: 7
[Topology][Flow] Generating flow layout
[Topology][Flow] Nodes: 2
[Topology][Flow] Connections: 1
[Topology][Flow] Generating flow layout
[Topology][Flow] Nodes: 8
[Topology][Flow] Connections: 7
[Topology][Hub] Generating hub layout
[Topology][Hub] Hub: Revenue
[Topology][Hub] Satellites: 4
[Topology][Hub] Connections: 4
[Topology][Flow] Generating flow layout
[Topology][Flow] Nodes: 8
[Topology][Flow] Connections: 7
[Topology][Hub] Generating hub layout
[Topology][Hub] Hub: Revenue
[Topology][Hub] Satellites: 4
[Topology][Hub] Connections: 4
[Topology][Flow] Generating flow layout
[Topology][Flow] Nodes: 8
[Topology][Flow] Connections: 7
[Topology][Hub] Generating hub layout
[Topology][Hub] Hub: Revenue
[Topology][Hub] Satellites: 4
[Topology][Hub] Connections: 4
[Topology][Flow] Generating flow layout
[Topology][Flow] Nodes: 8
[Topology][Flow] Connections: 7
[Topology][Hub] Generating hub layout
[Topology][Hub] Hub: Revenue
[Topology][Hub] Satellites: 4
[Topology][Hub] Connections: 4
[Topology][Flow] Generating flow layout
[Topology][Flow] Nodes: 8
[Topology][Flow] Connections: 7
[Topology][Hub] Generating hub layout
[Topology][Hub] Hub: Revenue
[Topology][Hub] Satellites: 4
[Topology][Hub] Connections: 4
[Topology][Flow] Generating flow layout
[Topology][Flow] Nodes: 8
[Topology][Flow] Connections: 7
[Topology][Hub] Generating hub layout
[Topology][Hub] Hub: Revenue
[Topology][Hub] Satellites: 4
[Topology][Hub] Connections: 4
[Topology][Flow] Generating flow layout
[Topology][Flow] Nodes: 8
[Topology][Flow] Connections: 7
[Topology][Hub] Generating hub layout
[Topology][Hub] Hub: Revenue
[Topology][Hub] Satellites: 4
[Topology][Hub] Connections: 4
[Topology][Flow] Generating flow layout
[Topology][Flow] Nodes: 8
[Topology][Flow] Connections: 7
[Topology][Flow] Generating flow layout
[Topology][Flow] Nodes: 2
[Topology][Flow] Connections: 1
[Topology][Flow] Generating flow layout
[Topology][Flow] Nodes: 8
[Topology][Flow] Connections: 7
[Topology][Flow] Generating flow layout
[Topology][Flow] Nodes: 2
[Topology][Flow] Connections: 1
[Topology][Flow] Generating flow layout
[Topology][Flow] Nodes: 2
[Topology][Flow] Connections: 1
▶ NEX-MVP:3 3D Executive Stage host
  ✔ 1. exposes Stage identity (0.588292ms)
  ✔ 2. Stage mounts inside shell Stage Frame (171.975ms)
  ✔ 3. Canvas renderer is client-safe via dynamic ssr:false (0.599917ms)
  ✔ 4. Stage accepts interaction presentation state and environment intent (10.789417ms)
  ✔ 5. focused object state is represented in host markup (50.164292ms)
  ✔ 6. related and unrelated roles appear in companion controls (25.012459ms)
  ✔ 7. resize-safe absolute fill container exists (7.187667ms)
  ✔ 7b. STAGE-2D:1 fixed camera contract is Stage-integrated (14.264791ms)
  ✔ 8. Stage fallback markup exists for unavailable renderer (0.592417ms)
  ✔ 9. no private upstream runtime imports in Stage modules (8.392792ms)
  ✔ 10. object interaction callback surface is wired in shell (0.471666ms)
✔ NEX-MVP:3 3D Executive Stage host (291.328916ms)
▶ NEX-MVP:4 Stage object interaction host
  ✔ 1. object click control surface forwards subject ids (0.551792ms)
  ✔ 2. focused object receives focused presentation (22.385083ms)
  ✔ 3. related objects are emphasized in companion list (4.318542ms)
  ✔ 4. unrelated objects are subordinate (8.499666ms)
  ✔ 5. relevant relationships are emphasized (9.040708ms)
  ✔ 6. context nodes render when provided (13.90975ms)
  ✔ 7. context node selection surface is present (0.451333ms)
  ✔ 8. reset control works (14.975625ms)
  ✔ 9. breadcrumb / orientation indicator updates (15.728083ms)
  ✔ 10. Stage does not page-navigate during interaction (0.988375ms)
  ✔ 11. Advisor context bridge updates in shell (35.229333ms)
  ✔ 12. no private upstream runtime import was introduced (1.193917ms)
✔ NEX-MVP:4 Stage object interaction host (127.835834ms)
✔ multi-member Problems remain one canonical collection through Stage (31.446458ms)
✔ scenario, decision and execution membership is generic and exact (1.825667ms)
✔ one-member Risk preserves collection semantics and empty collections do not invent objects (1.138166ms)
✔ already-satisfied collection is stable and a collection supersedes stale focus (1.841791ms)
✔ explain, workspace, capability, assertion and social turns are NO_CHANGE (6.860667ms)
[Topology][Flow] Generating flow layout
[Topology][Flow] Nodes: 8
[Topology][Flow] Connections: 7
[Topology][Flow] Generating flow layout
[Topology][Flow] Nodes: 2
[Topology][Flow] Connections: 1
[Topology][Flow] Generating flow layout
[Topology][Flow] Nodes: 8
[Topology][Flow] Connections: 7
[Topology][Hub] Generating hub layout
[Topology][Hub] Hub: Delivery
[Topology][Hub] Satellites: 5
[Topology][Hub] Connections: 5
[Topology][Flow] Generating flow layout
[Topology][Flow] Nodes: 8
[Topology][Flow] Connections: 7
[Topology][Hub] Generating hub layout
[Topology][Hub] Hub: Delivery
[Topology][Hub] Satellites: 5
[Topology][Hub] Connections: 5
[Topology][Flow] Generating flow layout
[Topology][Flow] Nodes: 8
[Topology][Flow] Connections: 7
[Topology][Hub] Generating hub layout
[Topology][Hub] Hub: Delivery
[Topology][Hub] Satellites: 5
[Topology][Hub] Connections: 5
[Topology][Flow] Generating flow layout
[Topology][Flow] Nodes: 8
[Topology][Flow] Connections: 7
[Topology][Hub] Generating hub layout
[Topology][Hub] Hub: Risk
[Topology][Hub] Satellites: 4
[Topology][Hub] Connections: 4
[Topology][Flow] Generating flow layout
[Topology][Flow] Nodes: 8
[Topology][Flow] Connections: 7
[Topology][Flow] Generating flow layout
[Topology][Flow] Nodes: 3
[Topology][Flow] Connections: 2
[Topology][Flow] Generating flow layout
[Topology][Flow] Nodes: 2
[Topology][Flow] Connections: 1
[Topology][Hub] Generating hub layout
[Topology][Hub] Hub: A
[Topology][Hub] Satellites: 1
[Topology][Hub] Connections: 1
[Topology][Flow] Generating flow layout
[Topology][Flow] Nodes: 2
[Topology][Flow] Connections: 1
[Topology][Hub] Generating hub layout
[Topology][Hub] Hub: A
[Topology][Hub] Satellites: 1
[Topology][Hub] Connections: 1
[Topology][Flow] Generating flow layout
[Topology][Flow] Nodes: 8
[Topology][Flow] Connections: 7
[Topology][Hub] Generating hub layout
[Topology][Hub] Hub: Budget
[Topology][Hub] Satellites: 3
[Topology][Hub] Connections: 3
[Topology][Flow] Generating flow layout
[Topology][Flow] Nodes: 8
[Topology][Flow] Connections: 7
[Topology][Hub] Generating hub layout
[Topology][Hub] Hub: Budget
[Topology][Hub] Satellites: 3
[Topology][Hub] Connections: 3
[Topology][Flow] Generating flow layout
[Topology][Flow] Nodes: 8
[Topology][Flow] Connections: 7
[Topology][Flow] Generating flow layout
[Topology][Flow] Nodes: 2
[Topology][Flow] Connections: 1
✔ 1. exact NEX-MVP:3 identity and version (0.958166ms)
✔ 2. immediate MVP dependencies declared (0.173625ms)
✔ 3. fixture object IDs remain stable (0.76825ms)
✔ 4. overview presentation accepts presentation state and environment (20.139292ms)
✔ 5. selection/focus establishes focused and related roles (55.055042ms)
✔ 6. related objects get related presentation; unrelated subordinate (22.421459ms)
✔ 7. focused connections are emphasized (5.098625ms)
✔ 8. reset to overview clears focus composition (5.246625ms)
✔ 9. mapping is deterministic and verification passes (4.971375ms)
✔ 10. pure mapping module has no React/Three imports (0.626375ms)
✔ 11. STAGE-PROD:0 / STAGE-2D overview keeps topology Z = 0 (0.983125ms)
[Topology][Flow] Generating flow layout
[Topology][Flow] Nodes: 8
[Topology][Flow] Connections: 7
[Topology][Hub] Generating hub layout
[Topology][Hub] Hub: Revenue
[Topology][Hub] Satellites: 4
[Topology][Hub] Connections: 4
[Topology][Flow] Generating flow layout
[Topology][Flow] Nodes: 8
[Topology][Flow] Connections: 7
[Topology][Hub] Generating hub layout
[Topology][Hub] Hub: Revenue
[Topology][Hub] Satellites: 4
[Topology][Hub] Connections: 4
[Topology][Flow] Generating flow layout
[Topology][Flow] Nodes: 8
[Topology][Flow] Connections: 7
[Topology][Hub] Generating hub layout
[Topology][Hub] Hub: Revenue
[Topology][Hub] Satellites: 4
[Topology][Hub] Connections: 4
[Topology][Flow] Generating flow layout
[Topology][Flow] Nodes: 8
[Topology][Flow] Connections: 7
[Topology][Hub] Generating hub layout
[Topology][Hub] Hub: Revenue
[Topology][Hub] Satellites: 4
[Topology][Hub] Connections: 4
[Topology][Flow] Generating flow layout
[Topology][Flow] Nodes: 8
[Topology][Flow] Connections: 7
[Topology][Hub] Generating hub layout
[Topology][Hub] Hub: Revenue
[Topology][Hub] Satellites: 4
[Topology][Hub] Connections: 4
[Topology][Flow] Generating flow layout
[Topology][Flow] Nodes: 8
[Topology][Flow] Connections: 7
[Topology][Hub] Generating hub layout
[Topology][Hub] Hub: Revenue
[Topology][Hub] Satellites: 4
[Topology][Hub] Connections: 4
[Topology][Flow] Generating flow layout
[Topology][Flow] Nodes: 8
[Topology][Flow] Connections: 7
[Topology][Hub] Generating hub layout
[Topology][Hub] Hub: Revenue
[Topology][Hub] Satellites: 5
[Topology][Hub] Connections: 5
[Topology][Flow] Generating flow layout
[Topology][Flow] Nodes: 8
[Topology][Flow] Connections: 7
[Topology][Hub] Generating hub layout
[Topology][Hub] Hub: Revenue
[Topology][Hub] Satellites: 5
[Topology][Hub] Connections: 5
[Topology][Flow] Generating flow layout
[Topology][Flow] Nodes: 8
[Topology][Flow] Connections: 7
[Topology][Hub] Generating hub layout
[Topology][Hub] Hub: Revenue
[Topology][Hub] Satellites: 5
[Topology][Hub] Connections: 5
[Topology][Flow] Generating flow layout
[Topology][Flow] Nodes: 8
[Topology][Flow] Connections: 7
[Topology][Hub] Generating hub layout
[Topology][Hub] Hub: Revenue
[Topology][Hub] Satellites: 5
[Topology][Hub] Connections: 5
[Topology][Flow] Generating flow layout
[Topology][Flow] Nodes: 8
[Topology][Flow] Connections: 7
[Topology][Hub] Generating hub layout
[Topology][Hub] Hub: Inventory
[Topology][Hub] Satellites: 3
[Topology][Hub] Connections: 3
[Topology][Flow] Generating flow layout
[Topology][Flow] Nodes: 8
[Topology][Flow] Connections: 7
[Topology][Hub] Generating hub layout
[Topology][Hub] Hub: Revenue
[Topology][Hub] Satellites: 4
[Topology][Hub] Connections: 4
[Topology][Flow] Generating flow layout
[Topology][Flow] Nodes: 8
[Topology][Flow] Connections: 7
[Topology][Hub] Generating hub layout
[Topology][Hub] Hub: Capacity
[Topology][Hub] Satellites: 6
[Topology][Hub] Connections: 6
[Topology][Flow] Generating flow layout
[Topology][Flow] Nodes: 8
[Topology][Flow] Connections: 7
[Topology][Hub] Generating hub layout
[Topology][Hub] Hub: Revenue
[Topology][Hub] Satellites: 4
[Topology][Hub] Connections: 4
[Topology][Flow] Generating flow layout
[Topology][Flow] Nodes: 8
[Topology][Flow] Connections: 7
[Topology][Hub] Generating hub layout
[Topology][Hub] Hub: Revenue
[Topology][Hub] Satellites: 4
[Topology][Hub] Connections: 4
[Topology][Flow] Generating flow layout
[Topology][Flow] Nodes: 8
[Topology][Flow] Connections: 7
[Topology][Hub] Generating hub layout
[Topology][Hub] Hub: Revenue
[Topology][Hub] Satellites: 4
[Topology][Hub] Connections: 4
▶ NEX-MVP:4 Nexora Object Interaction
  ✔ identity and verify gate (77.434ms)
  ✔ 1. selecting a valid object focuses it (0.250333ms)
  ✔ 2. invalid subject rejection leaves state unchanged (0.405625ms)
  ✔ 3. focus derivation drives Stage presentation (31.851ms)
  ✔ 4. direct relationship resolution emphasizes related objects (4.551666ms)
  ✔ 5. unrelated object subordination (6.601583ms)
  ✔ 6. context subject derivation for Revenue (21.1305ms)
  ✔ 7. stable context ordering is deterministic (41.497833ms)
  ✔ 8. sparse object behavior fabricates no context nodes (2.074708ms)
  ✔ 9. object with many relationships caps context density (8.366875ms)
  ✔ 10. overview reset clears focus and preserves shell context (0.293708ms)
  ✔ 11. back transition: context → object → overview (0.60175ms)
  ✔ 12. workspace preservation across object focus (0.088667ms)
  ✔ 13. presentation-state preservation across selection (5.419875ms)
  ✔ 14. deterministic repeated resolution (5.532583ms)
  ✔ advisor bridge updates with focus (3.134542ms)
  ✔ shell context sync preserves focus (0.205291ms)
  ✔ environment intent preserved on object click (0.105417ms)
✔ NEX-MVP:4 Nexora Object Interaction (211.829042ms)
[Topology][Flow] Generating flow layout
[Topology][Flow] Nodes: 8
[Topology][Flow] Connections: 7
[Topology][Hub] Generating hub layout
[Topology][Hub] Hub: Revenue
[Topology][Hub] Satellites: 4
[Topology][Hub] Connections: 4
▶ NEX-MVP:5 Workspace Dial & Scene State
  ✔ 1. canonical workspace order (4.211625ms)
  ✔ 2. workspace → environment mapping (0.480083ms)
  ✔ 3. previous workspace resolution (0.257541ms)
  ✔ 4. next workspace resolution (0.23ms)
  ✔ 5. start boundary behavior (0.282917ms)
  ✔ 6. end boundary behavior (0.112584ms)
  ✔ 7. workspace index derivation (0.110334ms)
  ✔ 8. Dial state derived from application snapshot (0.10825ms)
  ✔ 9. focus preservation policy (4.63825ms)
  ✔ 10. presentation-state preservation (0.329792ms)
  ✔ 11. workspace presentation relevance (58.647792ms)
  ✔ 12. deterministic scene environment mapping (0.255917ms)
  ✔ 13. invalid workspace rejection (0.142417ms)
  ✔ 14. repeated resolution stability (0.26275ms)
  ✔ clears unsupported contextual depth on workspace change (0.490791ms)
  ✔ theme is independent of environment tokens (0.118167ms)
✔ NEX-MVP:5 Workspace Dial & Scene State (72.621667ms)
ℹ tests 73
ℹ suites 4
ℹ pass 73
ℹ fail 0
ℹ cancelled 0
ℹ skipped 0
ℹ todo 0
ℹ duration_ms 3119.444417
EXIT:0
