[AssistantPanelOverflow]
panel=analytics
overflow=false
▶ assistantPanelOverflow
  ✔ Test 1 — long Insight content triggers overflow detection (3.459625ms)
  ✔ Test 2 — long Scenario content triggers overflow detection (0.23075ms)
  ✔ Test 3 — Insight scroll container is independently bounded (0.386167ms)
  ✔ Test 4 — Scenario scroll container is independently bounded (1.399709ms)
  ✔ Test 5 — collapsed panel hides scrollbar surface (0.237042ms)
  ✔ Test 6 — governance tier is medium (0.199708ms)
  ✔ Test 7 — actions tier is small (9.638209ms)
  ✔ Test 8 — short content does not report overflow (0.875292ms)
  ✔ Test 9 — overflow trace format (1.956ms)
  ✔ Test 10 — scroll containers use overscroll containment (0.216333ms)
  ✔ tokens consume the canonical mapping without redefining panel tiers (0.092791ms)
✔ assistantPanelOverflow (23.54225ms)
▶ assistantPanelOverflowContract exports and mapping
  ✔ runtime value export ASSISTANT_PANEL_OVERFLOW_SIZE_BY_PANEL exists (4.516833ms)
  ✔ type AssistantPanelOverflowSizeTier is usable at the type layer (0.175ms)
  ✔ maps every supported accordion panel to exactly one valid size tier (1.50825ms)
  ✔ does not include unsupported panel ids (0.181958ms)
  ✔ derives the intended max-height for every mapped tier (0.237375ms)
  ✔ keeps the overflow-size mapping immutable (0.325209ms)
  ✔ keeps detect and trace as runtime values (0.257833ms)
✔ assistantPanelOverflowContract exports and mapping (10.467125ms)
▶ assistantPanelOverflowContract module graph
  ✔ does not import dock, tokens, components, or client modules (1.133458ms)
  ✔ does not reach a component through local assistant imports (2.040291ms)
  ✔ has no overflow-contract → tokens → overflow-contract cycle (2.00725ms)
  ✔ resolves identical runtime exports via static and dynamic import (57.417792ms)
✔ assistantPanelOverflowContract module graph (63.967958ms)
ℹ tests 22
ℹ suites 3
ℹ pass 22
ℹ fail 0
ℹ cancelled 0
ℹ skipped 0
ℹ todo 0
ℹ duration_ms 1412.080709
ASSIST_EXIT:0
