npm warn Unknown env config "devdir". This will stop working in the next major version of npm.
[AssistantPanelOverflow]
panel=analytics
overflow=false
▶ assistantPanelOverflow
  ✔ Test 1 — long Insight content triggers overflow detection (0.842541ms)
  ✔ Test 2 — long Scenario content triggers overflow detection (0.117792ms)
  ✔ Test 3 — Insight scroll container is independently bounded (0.197667ms)
  ✔ Test 4 — Scenario scroll container is independently bounded (0.147083ms)
  ✔ Test 5 — collapsed panel hides scrollbar surface (0.14175ms)
  ✔ Test 6 — governance tier is medium (0.1255ms)
  ✔ Test 7 — actions tier is small (0.091791ms)
  ✔ Test 8 — short content does not report overflow (0.104833ms)
  ✔ Test 9 — overflow trace format (0.72725ms)
  ✔ Test 10 — scroll containers use overscroll containment (0.180708ms)
  ✔ tokens consume the canonical mapping without redefining panel tiers (0.088292ms)
✔ assistantPanelOverflow (4.34475ms)
▶ assistantPanelOverflowContract exports and mapping
  ✔ runtime value export ASSISTANT_PANEL_OVERFLOW_SIZE_BY_PANEL exists (0.535334ms)
  ✔ type AssistantPanelOverflowSizeTier is usable at the type layer (0.077375ms)
  ✔ maps every supported accordion panel to exactly one valid size tier (0.624167ms)
  ✔ does not include unsupported panel ids (0.076958ms)
  ✔ derives the intended max-height for every mapped tier (0.123333ms)
  ✔ keeps the overflow-size mapping immutable (0.1705ms)
  ✔ keeps detect and trace as runtime values (0.145042ms)
✔ assistantPanelOverflowContract exports and mapping (2.593292ms)
▶ assistantPanelOverflowContract module graph
  ✔ does not import dock, tokens, components, or client modules (0.366958ms)
  ✔ does not reach a component through local assistant imports (0.47975ms)
  ✔ has no overflow-contract → tokens → overflow-contract cycle (0.214584ms)
  ✔ resolves identical runtime exports via static and dynamic import (5.301459ms)
✔ assistantPanelOverflowContract module graph (6.597584ms)
ℹ tests 22
ℹ suites 3
ℹ pass 22
ℹ fail 0
ℹ cancelled 0
ℹ skipped 0
ℹ todo 0
ℹ duration_ms 199.947417
